src/components/dashboard/MenuItems.tsx(39,12): error TS2741: Property 'setShowModal' is missing in type '{ arrayFoods: any[]; setSearch: (query: string) => void; }' but required in type 'SearchInputProps'.
src/components/modals/PromoDayModal.tsx(233,29): error TS2322: Type '{ promo: Promo; }' is not assignable to type 'IntrinsicAttributes & { foods: any; }'.
  Property 'promo' does not exist on type 'IntrinsicAttributes & { foods: any; }'.
src/pagesComponents/Index.tsx(112,10): error TS2741: Property 'setShowModal' is missing in type '{ arrayFoods: Food[]; setSearch: (query: string) => void; }' but required in type 'SearchInputProps'.
src/pagesComponents/Menu.tsx(131,12): error TS2741: Property 'setShowModal' is missing in type '{ arrayFoods: Food[]; setSearch: (query: string) => void; }' but required in type 'SearchInputProps'.
src/pagesComponents/Menu.tsx(140,27): error TS2322: Type '{ promo: { _id: number; name: string; photo: string; description: string; promo_price: number; price: number; bg_color: string; }[]; }' is not assignable to type 'IntrinsicAttributes & { foods: any; }'.
  Property 'promo' does not exist on type 'IntrinsicAttributes & { foods: any; }'.
